[11-May-2026 13:59:52 UTC] {"token":"9ebb88e0-4a31-4ba7-9ba6-96932990e83d"}
[11-May-2026 13:59:57 UTC] {"token":"9ebb88e0-4a31-4ba7-9ba6-96932990e83d"}
[11-May-2026 14:00:00 UTC] {"serverId":"f57eb180-8bd2-455a-933e-f6aaa9accb8e","userUuid":"1","token":"9ebb88e0-4a31-4ba7-9ba6-96932990e83d"}
[11-May-2026 14:00:00 UTC] {"serverId":"f57eb180-8bd2-455a-933e-f6aaa9accb8e","userUuid":"1","token":"9ebb88e0-4a31-4ba7-9ba6-96932990e83d"}
[11-May-2026 14:00:02 UTC] {"serverId":"f57eb180-8bd2-455a-933e-f6aaa9accb8e","userUuid":"1","action":"start","memory":1024,"cpu":100,"disk":1024,"image":"ghcr.io\/pterodactyl\/yolks:java_21","additionalAllocation":[],"environment":{"MINECRAFT_VERSION":"1.8.8","SERVER_JARFILE":"server.jar","SOFTWARE_TYPE":"paper","ONLINE_MODE":"false","WHITELIST":"false","VIEW_DISTANCE":"10","ALLOW_NETHER":"true","ALLOW_END":"true","DIFFICULTY":"normal","MAX_PLAYERS":"20"},"primaryAllocation":{"ip":"0.0.0.0","port":2567,"externalIp":"1.node.hightcloud.app"},"core":{"id":1,"name":"Minecraft Universal","startupCommand":"java -Xms128M -XX:MaxRAMPercentage=95.0 -Dterminal.jline=false -Dterminal.ansi=true -jar {{SERVER_JARFILE}}","stopCommand":"stop","startupParser":{"done":")! For help, type "},"configSystem":{"server.properties":{"server-ip":"0.0.0.0","server-port":"{{SERVER_PORT}}","query.port":"{{SERVER_PORT}}","online-mode":"{{ONLINE_MODE}}","white-list":"{{WHITELIST}}","view-distance":"{{VIEW_DISTANCE}}","allow-nether":"{{ALLOW_NETHER}}","difficulty":"{{DIFFICULTY}}","max-players":"{{MAX_PLAYERS}}"},"bukkit.yml":{"settings.allow-end":"{{ALLOW_END}}"}},"installScript":"#!\/bin\/ash\napk add --no-cache curl jq\n\nC_LBLUE='\u000033[1;34m'\nC_BLUE='\u000033[0;34m'\nC_GREEN='\u000033[0;32m'\nC_PINK='\u000033[38;5;211m'\nC_NC='\u000033[0m'\n\necho -e \"${C_BLUE}------------------------------------------------------------${C_NC}\"\necho -e \"${C_LBLUE}[Orchestrator]${C_NC} Iniciando instala\u00e7\u00e3o do Minecraft Server\"\necho -e \"${C_LBLUE}[Orchestrator]${C_NC} Software: ${C_PINK}${SOFTWARE_TYPE}${C_NC} | Vers\u00e3o: ${C_PINK}${MINECRAFT_VERSION}${C_NC}\"\necho -e \"${C_BLUE}------------------------------------------------------------${C_NC}\"\n\ncd \/mnt\/server\n\nif [ \"$SOFTWARE_TYPE\" == \"paper\" ]; then\n    if [ \"$MINECRAFT_VERSION\" == \"latest\" ]; then\n        MINECRAFT_VERSION=$(curl -s https:\/\/api.papermc.io\/v2\/projects\/paper | jq -r '.versions[-1]')\n    fi\n    BUILD=$(curl -s https:\/\/api.papermc.io\/v2\/projects\/paper\/versions\/${MINECRAFT_VERSION} | jq -r '.builds[-1]')\n    JAR_NAME=\"paper-${MINECRAFT_VERSION}-${BUILD}.jar\"\n    DOWNLOAD_URL=\"https:\/\/api.papermc.io\/v2\/projects\/paper\/versions\/${MINECRAFT_VERSION}\/builds\/${BUILD}\/downloads\/${JAR_NAME}\"\n\nelif [ \"$SOFTWARE_TYPE\" == \"purpur\" ]; then\n    if [ \"$MINECRAFT_VERSION\" == \"latest\" ]; then\n        MINECRAFT_VERSION=$(curl -s https:\/\/api.purpurmc.org\/v2\/purpur | jq -r '.versions[-1]')\n    fi\n    DOWNLOAD_URL=\"https:\/\/api.purpurmc.org\/v2\/purpur\/${MINECRAFT_VERSION}\/latest\/download\"\n\nelif [ \"$SOFTWARE_TYPE\" == \"vanilla\" ]; then\n    MANIFEST=$(curl -s https:\/\/piston-meta.mojang.com\/mc\/game\/version_manifest_v2.json)\n    if [ \"$MINECRAFT_VERSION\" == \"latest\" ]; then\n        MINECRAFT_VERSION=$(echo $MANIFEST | jq -r '.latest.release')\n    fi\n    VERSION_URL=$(echo $MANIFEST | jq -r --arg VERSION \"$MINECRAFT_VERSION\" '.versions[] | select(.id == $VERSION) | .url')\n    DOWNLOAD_URL=$(curl -s $VERSION_URL | jq -r '.downloads.server.url')\n\nelif [ \"$SOFTWARE_TYPE\" == \"fabric\" ]; then\n    if [ \"$MINECRAFT_VERSION\" == \"latest\" ]; then\n        MANIFEST=$(curl -s https:\/\/piston-meta.mojang.com\/mc\/game\/version_manifest_v2.json)\n        MINECRAFT_VERSION=$(echo $MANIFEST | jq -r '.latest.release')\n    fi\n    LOADER_VERSION=$(curl -s https:\/\/meta.fabricmc.net\/v2\/versions\/loader | jq -r '.[0].version')\n    INSTALLER_VERSION=$(curl -s https:\/\/meta.fabricmc.net\/v2\/versions\/installer | jq -r '.[0].version')\n    DOWNLOAD_URL=\"https:\/\/meta.fabricmc.net\/v2\/versions\/loader\/${MINECRAFT_VERSION}\/${LOADER_VERSION}\/${INSTALLER_VERSION}\/server\/jar\"\nelse\n    echo -e \"${C_PINK}[Erro]${C_NC} O software selecionado n\u00e3o \u00e9 suportado por este Egg.\"\n    exit 1\nfi\n\necho -e \"${C_LBLUE}[Download]${C_NC} Baixando os arquivos base de ${DOWNLOAD_URL}...\"\ncurl -o ${SERVER_JARFILE} ${DOWNLOAD_URL}\n\nif [ ! -f server.properties ]; then\n    echo -e \"${C_LBLUE}[Configura\u00e7\u00e3o]${C_NC} Gerando propriedades do servidor base...\"\n    echo \"server-ip=0.0.0.0\" > server.properties\n    echo \"server-port=${SERVER_PORT}\" >> server.properties\n    echo \"online-mode=${ONLINE_MODE}\" >> server.properties\n    echo \"white-list=${WHITELIST}\" >> server.properties\n    echo \"view-distance=${VIEW_DISTANCE}\" >> server.properties\n    echo \"allow-nether=${ALLOW_NETHER}\" >> server.properties\n    echo \"difficulty=${DIFFICULTY}\" >> server.properties\n    echo \"max-players=${MAX_PLAYERS}\" >> server.properties\nfi\n\nif [ ! -f bukkit.yml ]; then\n    echo \"settings:\" > bukkit.yml\n    echo \"  allow-end: ${ALLOW_END}\" >> bukkit.yml\nfi\n\necho -e \"${C_GREEN}[Sucesso]${C_NC} Instala\u00e7\u00e3o conclu\u00edda com sucesso!\"\necho -e \"${C_LBLUE}[Orchestrator]${C_NC} O servidor j\u00e1 pode ser iniciado no painel.\"","installImage":"alpine","installEntrypoint":"ash","rootAcess":null,"maintainable":null},"token":"9ebb88e0-4a31-4ba7-9ba6-96932990e83d"}
[11-May-2026 14:00:02 UTC] [sendAction Otimizado] PHP Payload: 32.84ms | cURL Node.js: 33.56ms | Total: 66.39ms
[12-May-2026 11:18:25 UTC] {"serverId":"f57eb180-8bd2-455a-933e-f6aaa9accb8e","userUuid":"1","token":"9ebb88e0-4a31-4ba7-9ba6-96932990e83d"}
[12-May-2026 11:18:25 UTC] {"serverId":"f57eb180-8bd2-455a-933e-f6aaa9accb8e","userUuid":"1","token":"9ebb88e0-4a31-4ba7-9ba6-96932990e83d"}
[12-May-2026 11:18:32 UTC] {"serverId":"f57eb180-8bd2-455a-933e-f6aaa9accb8e","userUuid":"1","token":"9ebb88e0-4a31-4ba7-9ba6-96932990e83d"}
[12-May-2026 11:18:32 UTC] {"serverId":"f57eb180-8bd2-455a-933e-f6aaa9accb8e","userUuid":"1","token":"9ebb88e0-4a31-4ba7-9ba6-96932990e83d"}
[12-May-2026 11:19:47 UTC] PHP Fatal error:  Uncaught Exception: Database connection failed: SQLSTATE[HY000] [2002] Uma tentativa de conexão falhou porque o componente conectado não respondeu
corretamente após um período de tempo ou a conexão estabelecida falhou
porque o host conectado não respondeu in E:\panel\panel\vendor\mfrazlab\vattsphp\src\Database\DB.php:74
Stack trace:
#0 E:\panel\panel\vendor\mfrazlab\vattsphp\src\Database\DB.php(41): Vatts\Database\DB::connect()
#1 E:\panel\panel\vendor\mfrazlab\vattsphp\src\Database\Model.php(83): Vatts\Database\DB::getPdo()
#2 E:\panel\panel\vendor\mfrazlab\vattsphp\src\Database\Model.php(466): Vatts\Database\Model::getPdoConnection()
#3 E:\panel\panel\vendor\mfrazlab\vattsphp\src\Database\Model.php(381): Vatts\Database\Model::syncSchema()
#4 E:\panel\panel\vendor\mfrazlab\vattsphp\src\Database\Model.php(357): Vatts\Database\Model->_get()
#5 E:\panel\panel\vendor\mfrazlab\vattsphp\src\Database\Model.php(372): Vatts\Database\Model->_first()
#6 E:\panel\panel\vendor\mfrazlab\vattsphp\src\Database\Model.php(378): Vatts\Database\Model->_find()
#7 E:\panel\panel\vendor\mfrazlab\vattsphp\src\Database\Model.php(269): Vatts\Database\Model->_get()
#8 E:\panel\panel\serve\index.php(23): Vatts\Database\Model::__callStatic()
#9 {main}
  thrown in E:\panel\panel\vendor\mfrazlab\vattsphp\src\Database\DB.php on line 74
[12-May-2026 11:20:05 UTC] PHP Fatal error:  Uncaught Exception: Database connection failed: SQLSTATE[HY000] [2002] Uma tentativa de conexão falhou porque o componente conectado não respondeu
corretamente após um período de tempo ou a conexão estabelecida falhou
porque o host conectado não respondeu in E:\panel\panel\vendor\mfrazlab\vattsphp\src\Database\DB.php:74
Stack trace:
#0 E:\panel\panel\vendor\mfrazlab\vattsphp\src\Database\DB.php(41): Vatts\Database\DB::connect()
#1 E:\panel\panel\vendor\mfrazlab\vattsphp\src\Database\Model.php(83): Vatts\Database\DB::getPdo()
#2 E:\panel\panel\vendor\mfrazlab\vattsphp\src\Database\Model.php(466): Vatts\Database\Model::getPdoConnection()
#3 E:\panel\panel\vendor\mfrazlab\vattsphp\src\Database\Model.php(381): Vatts\Database\Model::syncSchema()
#4 E:\panel\panel\vendor\mfrazlab\vattsphp\src\Database\Model.php(357): Vatts\Database\Model->_get()
#5 E:\panel\panel\vendor\mfrazlab\vattsphp\src\Database\Model.php(372): Vatts\Database\Model->_first()
#6 E:\panel\panel\vendor\mfrazlab\vattsphp\src\Database\Model.php(378): Vatts\Database\Model->_find()
#7 E:\panel\panel\vendor\mfrazlab\vattsphp\src\Database\Model.php(269): Vatts\Database\Model->_get()
#8 E:\panel\panel\serve\index.php(23): Vatts\Database\Model::__callStatic()
#9 {main}
  thrown in E:\panel\panel\vendor\mfrazlab\vattsphp\src\Database\DB.php on line 74
[12-May-2026 11:20:09 UTC] PHP Fatal error:  Uncaught Exception: Database connection failed: SQLSTATE[HY000] [2002] Uma tentativa de conexão falhou porque o componente conectado não respondeu
corretamente após um período de tempo ou a conexão estabelecida falhou
porque o host conectado não respondeu in E:\panel\panel\vendor\mfrazlab\vattsphp\src\Database\DB.php:74
Stack trace:
#0 E:\panel\panel\vendor\mfrazlab\vattsphp\src\Database\DB.php(41): Vatts\Database\DB::connect()
#1 E:\panel\panel\vendor\mfrazlab\vattsphp\src\Database\Model.php(83): Vatts\Database\DB::getPdo()
#2 E:\panel\panel\vendor\mfrazlab\vattsphp\src\Database\Model.php(466): Vatts\Database\Model::getPdoConnection()
#3 E:\panel\panel\vendor\mfrazlab\vattsphp\src\Database\Model.php(381): Vatts\Database\Model::syncSchema()
#4 E:\panel\panel\vendor\mfrazlab\vattsphp\src\Database\Model.php(357): Vatts\Database\Model->_get()
#5 E:\panel\panel\vendor\mfrazlab\vattsphp\src\Database\Model.php(372): Vatts\Database\Model->_first()
#6 E:\panel\panel\vendor\mfrazlab\vattsphp\src\Database\Model.php(378): Vatts\Database\Model->_find()
#7 E:\panel\panel\vendor\mfrazlab\vattsphp\src\Database\Model.php(269): Vatts\Database\Model->_get()
#8 E:\panel\panel\serve\index.php(23): Vatts\Database\Model::__callStatic()
#9 {main}
  thrown in E:\panel\panel\vendor\mfrazlab\vattsphp\src\Database\DB.php on line 74
[12-May-2026 11:20:24 UTC] PHP Fatal error:  Uncaught PDOException: SQLSTATE[HY000]: General error: 2006 MySQL server has gone away in E:\panel\panel\vendor\mfrazlab\vattsphp\src\Database\Model.php:392
Stack trace:
#0 E:\panel\panel\vendor\mfrazlab\vattsphp\src\Database\Model.php(392): PDOStatement->execute()
#1 E:\panel\panel\vendor\mfrazlab\vattsphp\src\Database\Model.php(357): Vatts\Database\Model->_get()
#2 E:\panel\panel\vendor\mfrazlab\vattsphp\src\Database\Model.php(372): Vatts\Database\Model->_first()
#3 E:\panel\panel\vendor\mfrazlab\vattsphp\src\Database\Model.php(378): Vatts\Database\Model->_find()
#4 E:\panel\panel\vendor\mfrazlab\vattsphp\src\Database\Model.php(269): Vatts\Database\Model->_get()
#5 E:\panel\panel\serve\index.php(23): Vatts\Database\Model::__callStatic()
#6 {main}
  thrown in E:\panel\panel\vendor\mfrazlab\vattsphp\src\Database\Model.php on line 392
[12-May-2026 11:20:24 UTC] PHP Fatal error:  Uncaught PDOException: SQLSTATE[HY000]: General error: 2006 MySQL server has gone away in E:\panel\panel\vendor\mfrazlab\vattsphp\src\Database\Model.php:518
Stack trace:
#0 E:\panel\panel\vendor\mfrazlab\vattsphp\src\Database\Model.php(518): PDO->query()
#1 E:\panel\panel\vendor\mfrazlab\vattsphp\src\Database\Model.php(381): Vatts\Database\Model::syncSchema()
#2 E:\panel\panel\vendor\mfrazlab\vattsphp\src\Database\Model.php(357): Vatts\Database\Model->_get()
#3 E:\panel\panel\vendor\mfrazlab\vattsphp\src\Database\Model.php(372): Vatts\Database\Model->_first()
#4 E:\panel\panel\vendor\mfrazlab\vattsphp\src\Database\Model.php(378): Vatts\Database\Model->_find()
#5 E:\panel\panel\vendor\mfrazlab\vattsphp\src\Database\Model.php(269): Vatts\Database\Model->_get()
#6 E:\panel\panel\serve\index.php(23): Vatts\Database\Model::__callStatic()
#7 {main}
  thrown in E:\panel\panel\vendor\mfrazlab\vattsphp\src\Database\Model.php on line 518
[12-May-2026 11:20:24 UTC] PHP Fatal error:  Uncaught PDOException: SQLSTATE[HY000]: General error: 2006 MySQL server has gone away in E:\panel\panel\vendor\mfrazlab\vattsphp\src\Database\Model.php:392
Stack trace:
#0 E:\panel\panel\vendor\mfrazlab\vattsphp\src\Database\Model.php(392): PDOStatement->execute()
#1 E:\panel\panel\vendor\mfrazlab\vattsphp\src\Database\Model.php(357): Vatts\Database\Model->_get()
#2 E:\panel\panel\vendor\mfrazlab\vattsphp\src\Database\Model.php(372): Vatts\Database\Model->_first()
#3 E:\panel\panel\vendor\mfrazlab\vattsphp\src\Database\Model.php(378): Vatts\Database\Model->_find()
#4 E:\panel\panel\vendor\mfrazlab\vattsphp\src\Database\Model.php(269): Vatts\Database\Model->_get()
#5 E:\panel\panel\serve\index.php(23): Vatts\Database\Model::__callStatic()
#6 {main}
  thrown in E:\panel\panel\vendor\mfrazlab\vattsphp\src\Database\Model.php on line 392
[12-May-2026 11:20:24 UTC] PHP Fatal error:  Uncaught PDOException: SQLSTATE[HY000]: General error: 2006 MySQL server has gone away in E:\panel\panel\vendor\mfrazlab\vattsphp\src\Database\Model.php:518
Stack trace:
#0 E:\panel\panel\vendor\mfrazlab\vattsphp\src\Database\Model.php(518): PDO->query()
#1 E:\panel\panel\vendor\mfrazlab\vattsphp\src\Database\Model.php(381): Vatts\Database\Model::syncSchema()
#2 E:\panel\panel\vendor\mfrazlab\vattsphp\src\Database\Model.php(357): Vatts\Database\Model->_get()
#3 E:\panel\panel\vendor\mfrazlab\vattsphp\src\Database\Model.php(372): Vatts\Database\Model->_first()
#4 E:\panel\panel\vendor\mfrazlab\vattsphp\src\Database\Model.php(378): Vatts\Database\Model->_find()
#5 E:\panel\panel\vendor\mfrazlab\vattsphp\src\Database\Model.php(269): Vatts\Database\Model->_get()
#6 E:\panel\panel\serve\index.php(23): Vatts\Database\Model::__callStatic()
#7 {main}
  thrown in E:\panel\panel\vendor\mfrazlab\vattsphp\src\Database\Model.php on line 518
[12-May-2026 11:20:34 UTC] {"serverId":"f57eb180-8bd2-455a-933e-f6aaa9accb8e","userUuid":"1","token":"9ebb88e0-4a31-4ba7-9ba6-96932990e83d"}
[12-May-2026 11:20:34 UTC] apiRequest cURL Error (Node 2): Connection timed out after 200 milliseconds
[12-May-2026 11:20:34 UTC] {"serverId":"f57eb180-8bd2-455a-933e-f6aaa9accb8e","userUuid":"1","token":"9ebb88e0-4a31-4ba7-9ba6-96932990e83d"}
[12-May-2026 11:21:01 UTC] PHP Fatal error:  Uncaught Exception: Database connection failed: SQLSTATE[HY000] [2006] MySQL server has gone away in E:\panel\panel\vendor\mfrazlab\vattsphp\src\Database\DB.php:74
Stack trace:
#0 E:\panel\panel\vendor\mfrazlab\vattsphp\src\Database\DB.php(41): Vatts\Database\DB::connect()
#1 E:\panel\panel\vendor\mfrazlab\vattsphp\src\Database\Model.php(83): Vatts\Database\DB::getPdo()
#2 E:\panel\panel\vendor\mfrazlab\vattsphp\src\Database\Model.php(466): Vatts\Database\Model::getPdoConnection()
#3 E:\panel\panel\vendor\mfrazlab\vattsphp\src\Database\Model.php(381): Vatts\Database\Model::syncSchema()
#4 E:\panel\panel\vendor\mfrazlab\vattsphp\src\Database\Model.php(357): Vatts\Database\Model->_get()
#5 E:\panel\panel\vendor\mfrazlab\vattsphp\src\Database\Model.php(372): Vatts\Database\Model->_first()
#6 E:\panel\panel\vendor\mfrazlab\vattsphp\src\Database\Model.php(378): Vatts\Database\Model->_find()
#7 E:\panel\panel\vendor\mfrazlab\vattsphp\src\Database\Model.php(269): Vatts\Database\Model->_get()
#8 E:\panel\panel\serve\index.php(23): Vatts\Database\Model::__callStatic()
#9 {main}
  thrown in E:\panel\panel\vendor\mfrazlab\vattsphp\src\Database\DB.php on line 74
[12-May-2026 11:21:11 UTC] {"serverId":"f57eb180-8bd2-455a-933e-f6aaa9accb8e","userUuid":"1","token":"9ebb88e0-4a31-4ba7-9ba6-96932990e83d"}
[12-May-2026 11:21:11 UTC] {"serverId":"f57eb180-8bd2-455a-933e-f6aaa9accb8e","userUuid":"1","token":"9ebb88e0-4a31-4ba7-9ba6-96932990e83d"}
[12-May-2026 11:22:10 UTC] {"serverId":"f57eb180-8bd2-455a-933e-f6aaa9accb8e","userUuid":"1","token":"9ebb88e0-4a31-4ba7-9ba6-96932990e83d"}
[12-May-2026 11:22:10 UTC] apiRequest cURL Error (Node 2): Connection timed out after 213 milliseconds
[12-May-2026 11:22:10 UTC] {"serverId":"f57eb180-8bd2-455a-933e-f6aaa9accb8e","userUuid":"1","token":"9ebb88e0-4a31-4ba7-9ba6-96932990e83d"}
[12-May-2026 11:22:11 UTC] apiRequest cURL Error (Node 2): Connection timed out after 214 milliseconds
[12-May-2026 12:02:39 UTC] {"serverId":"f57eb180-8bd2-455a-933e-f6aaa9accb8e","userUuid":"1","token":"9ebb88e0-4a31-4ba7-9ba6-96932990e83d"}
[12-May-2026 12:02:40 UTC] apiRequest cURL Error (Node 2): Connection timed out after 206 milliseconds
[12-May-2026 12:02:40 UTC] {"serverId":"f57eb180-8bd2-455a-933e-f6aaa9accb8e","userUuid":"1","token":"9ebb88e0-4a31-4ba7-9ba6-96932990e83d"}
[12-May-2026 12:08:06 UTC] {"token":"9ebb88e0-4a31-4ba7-9ba6-96932990e83d"}
[12-May-2026 12:08:06 UTC] apiRequest cURL Error (Node 2): Operation timed out after 201 milliseconds with 0 bytes received
[12-May-2026 12:08:08 UTC] {"token":"9ebb88e0-4a31-4ba7-9ba6-96932990e83d"}
[12-May-2026 12:08:14 UTC] {"token":"9ebb88e0-4a31-4ba7-9ba6-96932990e83d"}
[12-May-2026 12:08:14 UTC] apiRequest cURL Error (Node 2): Connection timed out after 158 milliseconds
[12-May-2026 12:08:18 UTC] {"token":"9ebb88e0-4a31-4ba7-9ba6-96932990e83d"}
[12-May-2026 12:08:19 UTC] apiRequest cURL Error (Node 2): Operation timed out after 208 milliseconds with 0 bytes received
[12-May-2026 12:08:24 UTC] {"token":"9ebb88e0-4a31-4ba7-9ba6-96932990e83d"}
[12-May-2026 12:08:24 UTC] apiRequest cURL Error (Node 2): Connection timed out after 158 milliseconds
[12-May-2026 12:08:28 UTC] {"token":"9ebb88e0-4a31-4ba7-9ba6-96932990e83d"}
[12-May-2026 12:08:34 UTC] {"token":"9ebb88e0-4a31-4ba7-9ba6-96932990e83d"}
[12-May-2026 12:08:34 UTC] apiRequest cURL Error (Node 2): Operation timed out after 201 milliseconds with 0 bytes received
[12-May-2026 12:08:38 UTC] {"token":"9ebb88e0-4a31-4ba7-9ba6-96932990e83d"}
[12-May-2026 12:08:43 UTC] {"token":"9ebb88e0-4a31-4ba7-9ba6-96932990e83d"}
[12-May-2026 12:08:44 UTC] apiRequest cURL Error (Node 2): Operation timed out after 202 milliseconds with 0 bytes received
[12-May-2026 12:08:49 UTC] {"token":"9ebb88e0-4a31-4ba7-9ba6-96932990e83d"}
[12-May-2026 12:08:49 UTC] apiRequest cURL Error (Node 2): Connection timed out after 151 milliseconds
[12-May-2026 12:08:53 UTC] {"token":"9ebb88e0-4a31-4ba7-9ba6-96932990e83d"}
[12-May-2026 12:08:54 UTC] apiRequest cURL Error (Node 2): Connection timed out after 159 milliseconds
[12-May-2026 12:08:59 UTC] {"token":"9ebb88e0-4a31-4ba7-9ba6-96932990e83d"}
[12-May-2026 12:09:03 UTC] {"token":"9ebb88e0-4a31-4ba7-9ba6-96932990e83d"}
[12-May-2026 12:09:08 UTC] {"token":"9ebb88e0-4a31-4ba7-9ba6-96932990e83d"}
[12-May-2026 12:09:14 UTC] {"token":"9ebb88e0-4a31-4ba7-9ba6-96932990e83d"}
[12-May-2026 12:09:19 UTC] {"token":"9ebb88e0-4a31-4ba7-9ba6-96932990e83d"}
[12-May-2026 12:09:19 UTC] apiRequest cURL Error (Node 2): Connection timed out after 151 milliseconds
[12-May-2026 12:09:24 UTC] {"token":"9ebb88e0-4a31-4ba7-9ba6-96932990e83d"}
[12-May-2026 12:09:24 UTC] apiRequest cURL Error (Node 2): Operation timed out after 206 milliseconds with 0 bytes received
[12-May-2026 12:09:29 UTC] {"token":"9ebb88e0-4a31-4ba7-9ba6-96932990e83d"}
[12-May-2026 12:09:29 UTC] apiRequest cURL Error (Node 2): Connection timed out after 164 milliseconds
[12-May-2026 12:09:34 UTC] {"token":"9ebb88e0-4a31-4ba7-9ba6-96932990e83d"}
[12-May-2026 12:09:39 UTC] {"token":"9ebb88e0-4a31-4ba7-9ba6-96932990e83d"}
[12-May-2026 12:09:39 UTC] apiRequest cURL Error (Node 2): Connection timed out after 162 milliseconds
[12-May-2026 12:09:43 UTC] {"token":"9ebb88e0-4a31-4ba7-9ba6-96932990e83d"}
[12-May-2026 12:09:44 UTC] apiRequest cURL Error (Node 2): Connection timed out after 159 milliseconds
[12-May-2026 12:09:49 UTC] {"token":"9ebb88e0-4a31-4ba7-9ba6-96932990e83d"}
[12-May-2026 12:09:49 UTC] apiRequest cURL Error (Node 2): Connection timed out after 160 milliseconds
[12-May-2026 12:09:54 UTC] {"token":"9ebb88e0-4a31-4ba7-9ba6-96932990e83d"}
[12-May-2026 12:09:54 UTC] apiRequest cURL Error (Node 2): Connection timed out after 163 milliseconds
[12-May-2026 12:09:58 UTC] {"token":"9ebb88e0-4a31-4ba7-9ba6-96932990e83d"}
[12-May-2026 12:09:59 UTC] apiRequest cURL Error (Node 2): Connection timed out after 159 milliseconds
[12-May-2026 12:10:03 UTC] {"token":"9ebb88e0-4a31-4ba7-9ba6-96932990e83d"}
[12-May-2026 12:10:04 UTC] apiRequest cURL Error (Node 2): Operation timed out after 201 milliseconds with 0 bytes received
[12-May-2026 12:10:09 UTC] {"token":"9ebb88e0-4a31-4ba7-9ba6-96932990e83d"}
[12-May-2026 12:10:14 UTC] {"token":"9ebb88e0-4a31-4ba7-9ba6-96932990e83d"}
[12-May-2026 12:10:14 UTC] apiRequest cURL Error (Node 2): Operation timed out after 202 milliseconds with 0 bytes received
[12-May-2026 12:10:19 UTC] {"token":"9ebb88e0-4a31-4ba7-9ba6-96932990e83d"}
[12-May-2026 12:10:25 UTC] {"token":"9ebb88e0-4a31-4ba7-9ba6-96932990e83d"}
[12-May-2026 12:10:25 UTC] apiRequest cURL Error (Node 2): Connection timed out after 150 milliseconds
[12-May-2026 12:10:29 UTC] {"token":"9ebb88e0-4a31-4ba7-9ba6-96932990e83d"}
[12-May-2026 12:10:34 UTC] {"token":"9ebb88e0-4a31-4ba7-9ba6-96932990e83d"}
[12-May-2026 12:10:39 UTC] {"token":"9ebb88e0-4a31-4ba7-9ba6-96932990e83d"}
[12-May-2026 12:10:44 UTC] {"token":"9ebb88e0-4a31-4ba7-9ba6-96932990e83d"}
[12-May-2026 12:10:49 UTC] {"token":"9ebb88e0-4a31-4ba7-9ba6-96932990e83d"}
[12-May-2026 12:10:49 UTC] apiRequest cURL Error (Node 2): Operation timed out after 212 milliseconds with 0 bytes received
[12-May-2026 12:10:53 UTC] {"token":"9ebb88e0-4a31-4ba7-9ba6-96932990e83d"}
[12-May-2026 12:10:54 UTC] apiRequest cURL Error (Node 2): Connection timed out after 163 milliseconds
[12-May-2026 12:10:59 UTC] {"token":"9ebb88e0-4a31-4ba7-9ba6-96932990e83d"}
[12-May-2026 12:10:59 UTC] apiRequest cURL Error (Node 2): Connection timed out after 150 milliseconds
[12-May-2026 12:11:04 UTC] {"token":"9ebb88e0-4a31-4ba7-9ba6-96932990e83d"}
[12-May-2026 12:11:09 UTC] {"token":"9ebb88e0-4a31-4ba7-9ba6-96932990e83d"}
[12-May-2026 12:11:09 UTC] apiRequest cURL Error (Node 2): Connection timed out after 150 milliseconds
[12-May-2026 12:11:14 UTC] {"token":"9ebb88e0-4a31-4ba7-9ba6-96932990e83d"}
[12-May-2026 12:11:19 UTC] {"token":"9ebb88e0-4a31-4ba7-9ba6-96932990e83d"}
[12-May-2026 12:12:02 UTC] {"token":"9ebb88e0-4a31-4ba7-9ba6-96932990e83d"}
[12-May-2026 12:12:02 UTC] apiRequest cURL Error (Node 2): Connection timed out after 154 milliseconds
[12-May-2026 12:13:02 UTC] {"token":"9ebb88e0-4a31-4ba7-9ba6-96932990e83d"}
[12-May-2026 12:13:02 UTC] apiRequest cURL Error (Node 2): Connection timed out after 152 milliseconds
[12-May-2026 12:13:31 UTC] {"token":"9ebb88e0-4a31-4ba7-9ba6-96932990e83d"}
[12-May-2026 12:13:31 UTC] apiRequest cURL Error (Node 2): Resolving timed out after 165 milliseconds
[12-May-2026 12:13:34 UTC] {"token":"9ebb88e0-4a31-4ba7-9ba6-96932990e83d"}
[12-May-2026 12:13:39 UTC] {"token":"9ebb88e0-4a31-4ba7-9ba6-96932990e83d"}
[12-May-2026 12:13:44 UTC] {"token":"9ebb88e0-4a31-4ba7-9ba6-96932990e83d"}
[12-May-2026 12:13:44 UTC] apiRequest cURL Error (Node 2): Connection timed out after 165 milliseconds
[12-May-2026 12:13:50 UTC] {"token":"9ebb88e0-4a31-4ba7-9ba6-96932990e83d"}
[12-May-2026 12:13:51 UTC] {"token":"9ebb88e0-4a31-4ba7-9ba6-96932990e83d"}
[12-May-2026 12:13:51 UTC] apiRequest cURL Error (Node 2): Connection timed out after 151 milliseconds
[12-May-2026 12:13:55 UTC] {"token":"9ebb88e0-4a31-4ba7-9ba6-96932990e83d"}
[12-May-2026 12:13:58 UTC] {"token":"9ebb88e0-4a31-4ba7-9ba6-96932990e83d"}
[12-May-2026 12:14:03 UTC] {"token":"9ebb88e0-4a31-4ba7-9ba6-96932990e83d"}
[12-May-2026 12:14:08 UTC] {"token":"9ebb88e0-4a31-4ba7-9ba6-96932990e83d"}
[12-May-2026 12:14:08 UTC] apiRequest cURL Error (Node 2): Connection timed out after 159 milliseconds
[12-May-2026 12:14:13 UTC] {"token":"9ebb88e0-4a31-4ba7-9ba6-96932990e83d"}
[12-May-2026 12:14:13 UTC] apiRequest cURL Error (Node 2): Connection timed out after 161 milliseconds
[12-May-2026 12:14:18 UTC] {"token":"9ebb88e0-4a31-4ba7-9ba6-96932990e83d"}
[12-May-2026 12:14:18 UTC] apiRequest cURL Error (Node 2): Connection timed out after 150 milliseconds
[12-May-2026 12:14:23 UTC] {"token":"9ebb88e0-4a31-4ba7-9ba6-96932990e83d"}
[12-May-2026 12:14:28 UTC] {"token":"9ebb88e0-4a31-4ba7-9ba6-96932990e83d"}
[12-May-2026 12:14:33 UTC] {"token":"9ebb88e0-4a31-4ba7-9ba6-96932990e83d"}
[12-May-2026 12:14:33 UTC] apiRequest cURL Error (Node 2): Connection timed out after 157 milliseconds
[12-May-2026 12:14:38 UTC] {"token":"9ebb88e0-4a31-4ba7-9ba6-96932990e83d"}
[12-May-2026 12:14:43 UTC] {"token":"9ebb88e0-4a31-4ba7-9ba6-96932990e83d"}
[12-May-2026 12:14:43 UTC] apiRequest cURL Error (Node 2): Connection timed out after 164 milliseconds
[12-May-2026 12:14:48 UTC] {"token":"9ebb88e0-4a31-4ba7-9ba6-96932990e83d"}
[12-May-2026 12:14:48 UTC] apiRequest cURL Error (Node 2): Connection timed out after 164 milliseconds
[12-May-2026 12:14:52 UTC] {"token":"9ebb88e0-4a31-4ba7-9ba6-96932990e83d"}
[12-May-2026 12:14:58 UTC] {"token":"9ebb88e0-4a31-4ba7-9ba6-96932990e83d"}
[12-May-2026 12:14:58 UTC] apiRequest cURL Error (Node 2): Connection timed out after 155 milliseconds
[12-May-2026 12:15:04 UTC] {"token":"9ebb88e0-4a31-4ba7-9ba6-96932990e83d"}
[12-May-2026 12:15:04 UTC] apiRequest cURL Error (Node 2): Connection timed out after 155 milliseconds
[12-May-2026 12:15:09 UTC] {"token":"9ebb88e0-4a31-4ba7-9ba6-96932990e83d"}
[12-May-2026 12:15:09 UTC] apiRequest cURL Error (Node 2): Operation timed out after 203 milliseconds with 0 bytes received
[12-May-2026 12:15:20 UTC] {"token":"9ebb88e0-4a31-4ba7-9ba6-96932990e83d"}
[12-May-2026 12:15:20 UTC] apiRequest cURL Error (Node 2): Connection timed out after 152 milliseconds
[12-May-2026 12:15:23 UTC] {"token":"9ebb88e0-4a31-4ba7-9ba6-96932990e83d"}
[12-May-2026 12:15:23 UTC] apiRequest cURL Error (Node 2): Connection timed out after 153 milliseconds
[12-May-2026 12:15:24 UTC] {"token":"9ebb88e0-4a31-4ba7-9ba6-96932990e83d"}
[12-May-2026 12:15:24 UTC] apiRequest cURL Error (Node 2): Operation timed out after 206 milliseconds with 0 bytes received
[12-May-2026 12:15:29 UTC] {"token":"9ebb88e0-4a31-4ba7-9ba6-96932990e83d"}
[12-May-2026 12:15:34 UTC] {"token":"9ebb88e0-4a31-4ba7-9ba6-96932990e83d"}
[12-May-2026 12:15:39 UTC] {"token":"9ebb88e0-4a31-4ba7-9ba6-96932990e83d"}
[12-May-2026 12:15:39 UTC] apiRequest cURL Error (Node 2): Connection timed out after 151 milliseconds
[12-May-2026 12:15:44 UTC] {"token":"9ebb88e0-4a31-4ba7-9ba6-96932990e83d"}
[12-May-2026 12:15:44 UTC] apiRequest cURL Error (Node 2): Connection timed out after 155 milliseconds
[12-May-2026 12:15:49 UTC] {"token":"9ebb88e0-4a31-4ba7-9ba6-96932990e83d"}
[12-May-2026 12:15:49 UTC] apiRequest cURL Error (Node 2): Connection timed out after 160 milliseconds
[12-May-2026 12:15:56 UTC] {"token":"9ebb88e0-4a31-4ba7-9ba6-96932990e83d"}
[12-May-2026 12:15:56 UTC] apiRequest cURL Error (Node 2): Connection timed out after 165 milliseconds
[12-May-2026 12:15:59 UTC] {"token":"9ebb88e0-4a31-4ba7-9ba6-96932990e83d"}
[12-May-2026 12:15:59 UTC] apiRequest cURL Error (Node 2): Connection timed out after 152 milliseconds
[12-May-2026 12:16:04 UTC] {"token":"9ebb88e0-4a31-4ba7-9ba6-96932990e83d"}
[12-May-2026 12:16:04 UTC] apiRequest cURL Error (Node 2): Connection timed out after 154 milliseconds
[12-May-2026 12:16:09 UTC] {"token":"9ebb88e0-4a31-4ba7-9ba6-96932990e83d"}
[12-May-2026 12:16:09 UTC] apiRequest cURL Error (Node 2): Operation timed out after 214 milliseconds with 0 bytes received
[12-May-2026 12:16:14 UTC] {"token":"9ebb88e0-4a31-4ba7-9ba6-96932990e83d"}
[12-May-2026 12:16:14 UTC] apiRequest cURL Error (Node 2): Connection timed out after 165 milliseconds
[12-May-2026 12:16:18 UTC] {"token":"9ebb88e0-4a31-4ba7-9ba6-96932990e83d"}
[12-May-2026 12:16:24 UTC] {"token":"9ebb88e0-4a31-4ba7-9ba6-96932990e83d"}
[12-May-2026 12:16:24 UTC] apiRequest cURL Error (Node 2): Operation timed out after 204 milliseconds with 0 bytes received
[12-May-2026 12:17:01 UTC] {"token":"9ebb88e0-4a31-4ba7-9ba6-96932990e83d"}
[12-May-2026 12:18:02 UTC] {"token":"9ebb88e0-4a31-4ba7-9ba6-96932990e83d"}
[12-May-2026 12:19:02 UTC] {"token":"9ebb88e0-4a31-4ba7-9ba6-96932990e83d"}
[12-May-2026 12:19:02 UTC] apiRequest cURL Error (Node 2): Connection timed out after 157 milliseconds
[12-May-2026 12:20:02 UTC] {"token":"9ebb88e0-4a31-4ba7-9ba6-96932990e83d"}
[12-May-2026 12:21:03 UTC] {"token":"9ebb88e0-4a31-4ba7-9ba6-96932990e83d"}
[12-May-2026 12:21:03 UTC] apiRequest cURL Error (Node 2): Connection timed out after 156 milliseconds
[12-May-2026 12:21:17 UTC] {"token":"9ebb88e0-4a31-4ba7-9ba6-96932990e83d"}
[12-May-2026 12:21:17 UTC] apiRequest cURL Error (Node 2): Operation timed out after 207 milliseconds with 0 bytes received
[12-May-2026 12:21:19 UTC] {"token":"9ebb88e0-4a31-4ba7-9ba6-96932990e83d"}
[12-May-2026 12:21:20 UTC] apiRequest cURL Error (Node 2): Connection timed out after 162 milliseconds
[12-May-2026 12:21:24 UTC] {"token":"9ebb88e0-4a31-4ba7-9ba6-96932990e83d"}
[12-May-2026 12:21:29 UTC] {"token":"9ebb88e0-4a31-4ba7-9ba6-96932990e83d"}
[12-May-2026 12:21:34 UTC] {"token":"9ebb88e0-4a31-4ba7-9ba6-96932990e83d"}
[12-May-2026 12:21:35 UTC] apiRequest cURL Error (Node 2): Connection timed out after 156 milliseconds
[12-May-2026 12:21:39 UTC] {"token":"9ebb88e0-4a31-4ba7-9ba6-96932990e83d"}
[12-May-2026 12:21:39 UTC] apiRequest cURL Error (Node 2): Operation timed out after 202 milliseconds with 0 bytes received
[12-May-2026 12:21:44 UTC] {"token":"9ebb88e0-4a31-4ba7-9ba6-96932990e83d"}
[12-May-2026 12:21:44 UTC] apiRequest cURL Error (Node 2): Operation timed out after 201 milliseconds with 0 bytes received
[12-May-2026 12:21:49 UTC] {"token":"9ebb88e0-4a31-4ba7-9ba6-96932990e83d"}
[12-May-2026 12:21:49 UTC] apiRequest cURL Error (Node 2): Connection timed out after 155 milliseconds
[12-May-2026 12:21:54 UTC] {"token":"9ebb88e0-4a31-4ba7-9ba6-96932990e83d"}
[12-May-2026 12:21:54 UTC] apiRequest cURL Error (Node 2): Connection timed out after 152 milliseconds
[12-May-2026 12:21:58 UTC] {"token":"9ebb88e0-4a31-4ba7-9ba6-96932990e83d"}
[12-May-2026 12:21:59 UTC] apiRequest cURL Error (Node 2): Connection timed out after 152 milliseconds
[12-May-2026 12:22:04 UTC] {"token":"9ebb88e0-4a31-4ba7-9ba6-96932990e83d"}
[12-May-2026 12:22:09 UTC] {"token":"9ebb88e0-4a31-4ba7-9ba6-96932990e83d"}
[12-May-2026 12:22:09 UTC] apiRequest cURL Error (Node 2): Connection timed out after 163 milliseconds
[12-May-2026 12:22:16 UTC] {"token":"9ebb88e0-4a31-4ba7-9ba6-96932990e83d"}
[12-May-2026 12:22:16 UTC] apiRequest cURL Error (Node 2): Connection timed out after 154 milliseconds
[12-May-2026 12:23:01 UTC] {"token":"9ebb88e0-4a31-4ba7-9ba6-96932990e83d"}
[12-May-2026 12:23:02 UTC] apiRequest cURL Error (Node 2): Connection timed out after 153 milliseconds
[12-May-2026 12:24:02 UTC] {"token":"9ebb88e0-4a31-4ba7-9ba6-96932990e83d"}
[12-May-2026 12:25:02 UTC] {"token":"9ebb88e0-4a31-4ba7-9ba6-96932990e83d"}
[12-May-2026 12:25:02 UTC] apiRequest cURL Error (Node 2): Connection timed out after 161 milliseconds
[12-May-2026 12:26:02 UTC] {"token":"9ebb88e0-4a31-4ba7-9ba6-96932990e83d"}
[12-May-2026 12:26:02 UTC] apiRequest cURL Error (Node 2): Connection timed out after 154 milliseconds
[12-May-2026 12:27:01 UTC] {"token":"9ebb88e0-4a31-4ba7-9ba6-96932990e83d"}
[12-May-2026 12:28:02 UTC] {"token":"9ebb88e0-4a31-4ba7-9ba6-96932990e83d"}
[12-May-2026 12:28:02 UTC] apiRequest cURL Error (Node 2): Operation timed out after 150 milliseconds with 0 bytes received
[12-May-2026 12:29:02 UTC] {"token":"9ebb88e0-4a31-4ba7-9ba6-96932990e83d"}
[12-May-2026 12:29:02 UTC] apiRequest cURL Error (Node 2): Operation timed out after 213 milliseconds with 0 bytes received
[12-May-2026 12:30:02 UTC] {"token":"9ebb88e0-4a31-4ba7-9ba6-96932990e83d"}
[12-May-2026 12:31:03 UTC] {"token":"9ebb88e0-4a31-4ba7-9ba6-96932990e83d"}
[12-May-2026 12:31:03 UTC] apiRequest cURL Error (Node 2): Connection timed out after 162 milliseconds
[12-May-2026 12:31:05 UTC] {"token":"9ebb88e0-4a31-4ba7-9ba6-96932990e83d"}
[12-May-2026 12:31:05 UTC] apiRequest cURL Error (Node 2): Operation timed out after 201 milliseconds with 0 bytes received
[12-May-2026 12:31:10 UTC] {"token":"9ebb88e0-4a31-4ba7-9ba6-96932990e83d"}
[12-May-2026 12:31:11 UTC] apiRequest cURL Error (Node 2): Connection timed out after 161 milliseconds
[12-May-2026 12:31:14 UTC] {"token":"9ebb88e0-4a31-4ba7-9ba6-96932990e83d"}
[12-May-2026 12:31:14 UTC] apiRequest cURL Error (Node 2): Operation timed out after 201 milliseconds with 0 bytes received
[12-May-2026 12:31:19 UTC] {"token":"9ebb88e0-4a31-4ba7-9ba6-96932990e83d"}
[12-May-2026 12:31:19 UTC] apiRequest cURL Error (Node 2): Connection timed out after 153 milliseconds
[12-May-2026 12:31:24 UTC] {"token":"9ebb88e0-4a31-4ba7-9ba6-96932990e83d"}
[12-May-2026 12:31:29 UTC] {"token":"9ebb88e0-4a31-4ba7-9ba6-96932990e83d"}
[12-May-2026 12:31:30 UTC] apiRequest cURL Error (Node 2): Operation timed out after 204 milliseconds with 0 bytes received
[12-May-2026 12:31:35 UTC] {"token":"9ebb88e0-4a31-4ba7-9ba6-96932990e83d"}
[12-May-2026 12:31:39 UTC] {"token":"9ebb88e0-4a31-4ba7-9ba6-96932990e83d"}
[12-May-2026 12:31:43 UTC] {"token":"9ebb88e0-4a31-4ba7-9ba6-96932990e83d"}
[12-May-2026 12:31:49 UTC] {"token":"9ebb88e0-4a31-4ba7-9ba6-96932990e83d"}
[12-May-2026 12:31:49 UTC] apiRequest cURL Error (Node 2): Operation timed out after 205 milliseconds with 0 bytes received
[12-May-2026 12:31:53 UTC] {"token":"9ebb88e0-4a31-4ba7-9ba6-96932990e83d"}
[12-May-2026 12:31:59 UTC] {"token":"9ebb88e0-4a31-4ba7-9ba6-96932990e83d"}
[12-May-2026 12:32:04 UTC] {"token":"9ebb88e0-4a31-4ba7-9ba6-96932990e83d"}
[12-May-2026 12:32:04 UTC] apiRequest cURL Error (Node 2): Connection timed out after 153 milliseconds
[12-May-2026 12:33:02 UTC] {"token":"9ebb88e0-4a31-4ba7-9ba6-96932990e83d"}
[12-May-2026 12:33:02 UTC] apiRequest cURL Error (Node 2): Connection timed out after 164 milliseconds
[12-May-2026 12:33:04 UTC] {"token":"9ebb88e0-4a31-4ba7-9ba6-96932990e83d"}
[12-May-2026 12:33:04 UTC] apiRequest cURL Error (Node 2): Connection timed out after 158 milliseconds
[12-May-2026 12:33:09 UTC] {"token":"9ebb88e0-4a31-4ba7-9ba6-96932990e83d"}
[12-May-2026 12:33:14 UTC] {"token":"9ebb88e0-4a31-4ba7-9ba6-96932990e83d"}
[12-May-2026 12:33:14 UTC] apiRequest cURL Error (Node 2): Operation timed out after 204 milliseconds with 0 bytes received
[12-May-2026 12:33:19 UTC] {"token":"9ebb88e0-4a31-4ba7-9ba6-96932990e83d"}
[12-May-2026 12:33:19 UTC] apiRequest cURL Error (Node 2): Operation timed out after 205 milliseconds with 0 bytes received
[12-May-2026 12:33:24 UTC] {"token":"9ebb88e0-4a31-4ba7-9ba6-96932990e83d"}
[12-May-2026 12:33:29 UTC] {"token":"9ebb88e0-4a31-4ba7-9ba6-96932990e83d"}
[12-May-2026 12:33:29 UTC] apiRequest cURL Error (Node 2): Connection timed out after 164 milliseconds
[12-May-2026 12:33:34 UTC] {"token":"9ebb88e0-4a31-4ba7-9ba6-96932990e83d"}
[12-May-2026 12:33:34 UTC] apiRequest cURL Error (Node 2): Connection timed out after 164 milliseconds
[12-May-2026 12:33:39 UTC] {"token":"9ebb88e0-4a31-4ba7-9ba6-96932990e83d"}
[12-May-2026 12:33:39 UTC] apiRequest cURL Error (Node 2): Connection timed out after 159 milliseconds
[12-May-2026 12:33:46 UTC] {"token":"9ebb88e0-4a31-4ba7-9ba6-96932990e83d"}
[12-May-2026 12:33:46 UTC] apiRequest cURL Error (Node 2): Connection timed out after 153 milliseconds
[12-May-2026 12:33:51 UTC] {"token":"9ebb88e0-4a31-4ba7-9ba6-96932990e83d"}
[12-May-2026 12:33:52 UTC] apiRequest cURL Error (Node 2): Connection timed out after 152 milliseconds
[12-May-2026 12:33:54 UTC] {"token":"9ebb88e0-4a31-4ba7-9ba6-96932990e83d"}
[12-May-2026 12:33:54 UTC] apiRequest cURL Error (Node 2): Operation timed out after 209 milliseconds with 0 bytes received
[12-May-2026 12:34:00 UTC] {"token":"9ebb88e0-4a31-4ba7-9ba6-96932990e83d"}
[12-May-2026 12:34:04 UTC] {"token":"9ebb88e0-4a31-4ba7-9ba6-96932990e83d"}
[12-May-2026 12:35:02 UTC] {"token":"9ebb88e0-4a31-4ba7-9ba6-96932990e83d"}
[12-May-2026 12:35:02 UTC] apiRequest cURL Error (Node 2): Operation timed out after 201 milliseconds with 0 bytes received
[12-May-2026 12:35:40 UTC] {"token":"9ebb88e0-4a31-4ba7-9ba6-96932990e83d"}
[12-May-2026 12:35:41 UTC] apiRequest cURL Error (Node 2): Connection timed out after 156 milliseconds
[12-May-2026 12:35:44 UTC] {"token":"9ebb88e0-4a31-4ba7-9ba6-96932990e83d"}
[12-May-2026 12:35:44 UTC] apiRequest cURL Error (Node 2): Connection timed out after 159 milliseconds
[12-May-2026 12:35:49 UTC] {"token":"9ebb88e0-4a31-4ba7-9ba6-96932990e83d"}
[12-May-2026 12:35:54 UTC] {"token":"9ebb88e0-4a31-4ba7-9ba6-96932990e83d"}
[12-May-2026 12:35:59 UTC] {"token":"9ebb88e0-4a31-4ba7-9ba6-96932990e83d"}
[12-May-2026 12:35:59 UTC] apiRequest cURL Error (Node 2): Connection timed out after 158 milliseconds
[12-May-2026 12:36:05 UTC] {"token":"9ebb88e0-4a31-4ba7-9ba6-96932990e83d"}
[12-May-2026 12:36:09 UTC] {"token":"9ebb88e0-4a31-4ba7-9ba6-96932990e83d"}
[12-May-2026 12:36:14 UTC] {"token":"9ebb88e0-4a31-4ba7-9ba6-96932990e83d"}
[12-May-2026 12:36:19 UTC] {"token":"9ebb88e0-4a31-4ba7-9ba6-96932990e83d"}
[12-May-2026 12:36:19 UTC] apiRequest cURL Error (Node 2): Operation timed out after 212 milliseconds with 0 bytes received
[12-May-2026 12:36:24 UTC] {"token":"9ebb88e0-4a31-4ba7-9ba6-96932990e83d"}
[12-May-2026 12:36:24 UTC] apiRequest cURL Error (Node 2): Connection timed out after 161 milliseconds
[12-May-2026 12:36:29 UTC] {"token":"9ebb88e0-4a31-4ba7-9ba6-96932990e83d"}
[12-May-2026 12:36:29 UTC] apiRequest cURL Error (Node 2): Connection timed out after 160 milliseconds
[12-May-2026 12:36:33 UTC] {"token":"9ebb88e0-4a31-4ba7-9ba6-96932990e83d"}
[12-May-2026 12:36:34 UTC] apiRequest cURL Error (Node 2): Operation timed out after 215 milliseconds with 0 bytes received
[12-May-2026 12:36:38 UTC] {"token":"9ebb88e0-4a31-4ba7-9ba6-96932990e83d"}
[12-May-2026 12:37:02 UTC] {"token":"9ebb88e0-4a31-4ba7-9ba6-96932990e83d"}
[12-May-2026 12:37:02 UTC] apiRequest cURL Error (Node 2): Connection timed out after 166 milliseconds
[12-May-2026 12:38:04 UTC] {"token":"9ebb88e0-4a31-4ba7-9ba6-96932990e83d"}
[12-May-2026 12:38:05 UTC] apiRequest cURL Error (Node 2): Connection timed out after 157 milliseconds
[12-May-2026 12:39:02 UTC] {"token":"9ebb88e0-4a31-4ba7-9ba6-96932990e83d"}
[12-May-2026 12:39:02 UTC] apiRequest cURL Error (Node 2): Operation timed out after 204 milliseconds with 0 bytes received
[12-May-2026 12:40:02 UTC] {"token":"9ebb88e0-4a31-4ba7-9ba6-96932990e83d"}
[12-May-2026 12:40:02 UTC] apiRequest cURL Error (Node 2): Connection timed out after 150 milliseconds
[12-May-2026 12:48:01 UTC] {"token":"9ebb88e0-4a31-4ba7-9ba6-96932990e83d"}
[12-May-2026 12:48:01 UTC] apiRequest cURL Error (Node 2): Resolving timed out after 150 milliseconds
[12-May-2026 12:48:06 UTC] {"token":"9ebb88e0-4a31-4ba7-9ba6-96932990e83d"}
[12-May-2026 12:48:06 UTC] apiRequest cURL Error (Node 2): Connection timed out after 151 milliseconds
[12-May-2026 12:48:07 UTC] {"token":"9ebb88e0-4a31-4ba7-9ba6-96932990e83d"}
[12-May-2026 12:48:07 UTC] apiRequest cURL Error (Node 2): Operation timed out after 201 milliseconds with 0 bytes received
[12-May-2026 12:48:12 UTC] {"token":"9ebb88e0-4a31-4ba7-9ba6-96932990e83d"}
[12-May-2026 12:48:14 UTC] {"token":"9ebb88e0-4a31-4ba7-9ba6-96932990e83d"}
[12-May-2026 12:48:14 UTC] apiRequest cURL Error (Node 2): Connection timed out after 162 milliseconds
[12-May-2026 12:48:19 UTC] {"token":"9ebb88e0-4a31-4ba7-9ba6-96932990e83d"}
[12-May-2026 12:48:19 UTC] apiRequest cURL Error (Node 2): Connection timed out after 159 milliseconds
[12-May-2026 12:48:25 UTC] {"token":"9ebb88e0-4a31-4ba7-9ba6-96932990e83d"}
[12-May-2026 12:48:25 UTC] apiRequest cURL Error (Node 2): Connection timed out after 158 milliseconds
[12-May-2026 12:48:29 UTC] {"token":"9ebb88e0-4a31-4ba7-9ba6-96932990e83d"}
[12-May-2026 12:48:30 UTC] apiRequest cURL Error (Node 2): Connection timed out after 158 milliseconds
[12-May-2026 12:48:34 UTC] {"token":"9ebb88e0-4a31-4ba7-9ba6-96932990e83d"}
[12-May-2026 12:48:34 UTC] apiRequest cURL Error (Node 2): Connection timed out after 151 milliseconds
[12-May-2026 12:48:40 UTC] {"token":"9ebb88e0-4a31-4ba7-9ba6-96932990e83d"}
[12-May-2026 12:48:40 UTC] apiRequest cURL Error (Node 2): Connection timed out after 155 milliseconds
[12-May-2026 12:48:41 UTC] {"token":"9ebb88e0-4a31-4ba7-9ba6-96932990e83d"}
[12-May-2026 12:48:41 UTC] apiRequest cURL Error (Node 2): Connection timed out after 153 milliseconds
